2025-01-20 00:21:54 - INFO - Application started
2025-01-20 00:22:00 - INFO - HTTP Request: POST https://svc.blockdaemon.com/solana/mainnet/native "HTTP/1.1 200 OK"
2025-01-20 00:22:01 - INFO - HTTP Request: POST https://svc.blockdaemon.com/solana/mainnet/native "HTTP/1.1 200 OK"
2025-01-20 00:24:21 - INFO - Application started
2025-01-20 00:24:27 - INFO - HTTP Request: POST https://svc.blockdaemon.com/solana/mainnet/native "HTTP/1.1 200 OK"
2025-01-20 00:24:28 - INFO - HTTP Request: POST https://svc.blockdaemon.com/solana/mainnet/native "HTTP/1.1 200 OK"
2025-01-20 00:25:06 - INFO - Found potential deposit address ['5JPAWfhLNsYVk3tPpD3gHvpHbvaXDbpUpy1wUfQVYRS2', 'AB9f4yNceGpnnBzBFYWn7fWJCZa8ibe5yiJfKBwArNpi'] at slot 315053829
2025-01-20 00:26:09 - INFO - Application started
2025-01-20 00:26:14 - INFO - HTTP Request: POST https://svc.blockdaemon.com/solana/mainnet/native "HTTP/1.1 200 OK"
2025-01-20 00:26:16 - INFO - HTTP Request: POST https://svc.blockdaemon.com/solana/mainnet/native "HTTP/1.1 200 OK"
2025-01-20 00:26:35 - INFO - Found potential deposit address ['5JPAWfhLNsYVk3tPpD3gHvpHbvaXDbpUpy1wUfQVYRS2', 'AB9f4yNceGpnnBzBFYWn7fWJCZa8ibe5yiJfKBwArNpi'] at slot 315053829
2025-01-20 00:27:31 - INFO - Application started
2025-01-20 00:27:37 - INFO - HTTP Request: POST https://svc.blockdaemon.com/solana/mainnet/native "HTTP/1.1 200 OK"
2025-01-20 00:27:38 - INFO - HTTP Request: POST https://svc.blockdaemon.com/solana/mainnet/native "HTTP/1.1 200 OK"
2025-01-20 00:27:44 - INFO - Found potential deposit address ['5JPAWfhLNsYVk3tPpD3gHvpHbvaXDbpUpy1wUfQVYRS2', 'AB9f4yNceGpnnBzBFYWn7fWJCZa8ibe5yiJfKBwArNpi'] at slot 315053829
2025-01-20 00:28:18 - INFO - HTTP Request: POST https://svc.blockdaemon.com/solana/mainnet/native "HTTP/1.1 200 OK"
2025-01-20 00:31:24 - INFO - Application started
2025-01-20 00:31:29 - INFO - HTTP Request: POST https://svc.blockdaemon.com/solana/mainnet/native "HTTP/1.1 200 OK"
2025-01-20 00:31:30 - INFO - HTTP Request: POST https://svc.blockdaemon.com/solana/mainnet/native "HTTP/1.1 200 OK"
2025-01-20 00:31:31 - INFO - Found potential deposit address ['5JPAWfhLNsYVk3tPpD3gHvpHbvaXDbpUpy1wUfQVYRS2', 'AB9f4yNceGpnnBzBFYWn7fWJCZa8ibe5yiJfKBwArNpi'] at slot 315053829
2025-01-20 00:31:32 - INFO - HTTP Request: POST https://svc.blockdaemon.com/solana/mainnet/native "HTTP/1.1 200 OK"
2025-01-20 00:31:32 - INFO - Found deposit wallet 5JPAWfhLNsYVk3tPpD3gHvpHbvaXDbpUpy1wUfQVYRS2 with probability 0.0
2025-01-20 00:31:33 - INFO - HTTP Request: POST https://svc.blockdaemon.com/solana/mainnet/native "HTTP/1.1 200 OK"
2025-01-20 00:31:33 - ERROR - Error starting application: local variable 'tx' referenced before assignment
2025-01-20 00:31:40 - INFO - Application started
2025-01-20 00:31:45 - INFO - HTTP Request: POST https://svc.blockdaemon.com/solana/mainnet/native "HTTP/1.1 200 OK"
2025-01-20 00:31:47 - INFO - HTTP Request: POST https://svc.blockdaemon.com/solana/mainnet/native "HTTP/1.1 200 OK"
2025-01-20 00:31:47 - INFO - Found potential deposit address ['5JPAWfhLNsYVk3tPpD3gHvpHbvaXDbpUpy1wUfQVYRS2', 'AB9f4yNceGpnnBzBFYWn7fWJCZa8ibe5yiJfKBwArNpi'] at slot 315053829
2025-01-20 00:32:01 - INFO - HTTP Request: POST https://svc.blockdaemon.com/solana/mainnet/native "HTTP/1.1 200 OK"
2025-01-20 00:32:01 - INFO - Found deposit wallet 5JPAWfhLNsYVk3tPpD3gHvpHbvaXDbpUpy1wUfQVYRS2 with probability 0.0
2025-01-20 00:32:02 - INFO - HTTP Request: POST https://svc.blockdaemon.com/solana/mainnet/native "HTTP/1.1 200 OK"
2025-01-20 00:32:02 - ERROR - Error starting application: local variable 'tx' referenced before assignment
2025-01-20 00:32:21 - INFO - Application started
2025-01-20 00:32:27 - INFO - HTTP Request: POST https://svc.blockdaemon.com/solana/mainnet/native "HTTP/1.1 200 OK"
2025-01-20 00:32:28 - INFO - HTTP Request: POST https://svc.blockdaemon.com/solana/mainnet/native "HTTP/1.1 200 OK"
2025-01-20 00:32:28 - INFO - Found potential deposit address ['5JPAWfhLNsYVk3tPpD3gHvpHbvaXDbpUpy1wUfQVYRS2', 'AB9f4yNceGpnnBzBFYWn7fWJCZa8ibe5yiJfKBwArNpi'] at slot 315053829
2025-01-20 00:32:33 - INFO - HTTP Request: POST https://svc.blockdaemon.com/solana/mainnet/native "HTTP/1.1 200 OK"
2025-01-20 00:32:33 - INFO - Found deposit wallet 5JPAWfhLNsYVk3tPpD3gHvpHbvaXDbpUpy1wUfQVYRS2 with probability 0.0
2025-01-20 00:32:34 - INFO - HTTP Request: POST https://svc.blockdaemon.com/solana/mainnet/native "HTTP/1.1 200 OK"
2025-01-20 00:32:34 - INFO - Getting transaction 3nbLhmp6gL54gpt9vC5wtY4fboMDb3VdQQxRyv3qh6DgAk6moyTW9svRgaxWus2M98V6EqVSEQxGoE2ukCAYLobK at slot 315028942
2025-01-20 00:32:38 - INFO - HTTP Request: POST https://svc.blockdaemon.com/solana/mainnet/native "HTTP/1.1 200 OK"
2025-01-20 00:32:38 - INFO - Getting transaction 5kzHWXZT59LiMtCfy97W21EaWN8koyDvxp6hFKmJHUF6KwwEgwsAEudeLCDd8Wq8UF5CnnFkCxWEpyQWGQu7LK7H at slot 315028602
2025-01-20 00:32:58 - INFO - HTTP Request: POST https://svc.blockdaemon.com/solana/mainnet/native "HTTP/1.1 200 OK"
2025-01-20 00:32:58 - INFO - Getting transaction 3H3cvT3LhJ5TnQcJVd41gVVsb3WGiU5yLy7tscnB4kt8DNn4DGcZhmvn8GR5XWXtEY8ZT1Ksx3DCYTNms4bRy6vK at slot 315028385
2025-01-20 00:33:00 - INFO - HTTP Request: POST https://svc.blockdaemon.com/solana/mainnet/native "HTTP/1.1 200 OK"
2025-01-20 00:33:00 - INFO - Getting transaction 2wUCKM6GrVTXTXpeCTvHFqDjQyNZMYzTfwpHpvgD5pKH4EHQnawGBnyySs3UBF7LUc7XYsdJjrSVoxHocV7ZGJmR at slot 315027296
2025-01-20 00:33:01 - INFO - HTTP Request: POST https://svc.blockdaemon.com/solana/mainnet/native "HTTP/1.1 200 OK"
2025-01-20 00:33:01 - INFO - Getting transaction 3KpSdhR6B6A1NDxzHb9vTWnoYC9e23pD7vq3yVEoGnxvEr7kfR5kvTvXoazppaCGvjqwqy9GjrP7A2W99kEnoLij at slot 315026832
2025-01-20 00:33:02 - INFO - HTTP Request: POST https://svc.blockdaemon.com/solana/mainnet/native "HTTP/1.1 200 OK"
2025-01-20 00:33:02 - INFO - Getting transaction 3nmknccvniUSL2fLoLf9HLpBuqz9xVGjGazjkwyB35TcQojGeA54haRGSCg4x6pZkxVsbsiq3SULd2nEsHBzP7K at slot 315026416
2025-01-20 00:33:46 - INFO - HTTP Request: POST https://svc.blockdaemon.com/solana/mainnet/native "HTTP/1.1 200 OK"
2025-01-20 00:33:46 - INFO - Getting transaction 4M6cmubycMD6wSuumhg4UGXqKC1cihg31Fi9tEvrEkanbFLjLYZAaeC9YpjjCCGJa9dqKjd4H7RWQAeURRBKGokK at slot 315026115
2025-01-20 00:34:02 - INFO - HTTP Request: POST https://svc.blockdaemon.com/solana/mainnet/native "HTTP/1.1 200 OK"
2025-01-20 00:34:02 - INFO - Getting transaction 26nw3Y59Wxf8cwEszkMEoHmKJ76whpHLetX6gufzaG1A28ajzqdsXPbc3C4a24f4DTkEsGu22mVs5w6EX5vMvT8d at slot 315024717
2025-01-20 00:34:04 - INFO - HTTP Request: POST https://svc.blockdaemon.com/solana/mainnet/native "HTTP/1.1 200 OK"
2025-01-20 00:34:04 - INFO - Getting transaction 2RVX6vBAY2i6UfzFsDtXovAAobxSPdLD4q7VKr1Xn3e5gjWmEHWgS2P2ADKg2Hgc9cgN1M4wCLzMFbLsEKWMFEtH at slot 315023393
2025-01-20 00:34:05 - INFO - HTTP Request: POST https://svc.blockdaemon.com/solana/mainnet/native "HTTP/1.1 200 OK"
2025-01-20 00:34:05 - INFO - Getting transaction 5HcnWctV7ZYxYbTEq2axQoxHBnjaaHtZAyzQ3anEJrCvBBUVh1zbGNPsi5SQWHBAdUzffdxEgq1UADicmAaLhfLJ at slot 315023332
2025-01-20 00:34:06 - INFO - HTTP Request: POST https://svc.blockdaemon.com/solana/mainnet/native "HTTP/1.1 200 OK"
2025-01-20 00:34:06 - INFO - Getting transaction 46pt5J8pMvncbGTYH7pzRqKBAnhQr53D3Ze5wq1LHG5kREWT63gfzm8ona4of5UeYspM48NQ1ZfzCChbRcK7zyke at slot 315022681
2025-01-20 00:34:07 - INFO - HTTP Request: POST https://svc.blockdaemon.com/solana/mainnet/native "HTTP/1.1 200 OK"
2025-01-20 00:34:07 - INFO - Getting transaction 49ZkwRRbbpnrbLN5JRu51C8cT7JEmVwm3BPgw37bC2z3wonHdgnBt1Fi339S2QkShfPqcDb2irYpApsoJ8ZCW8W8 at slot 315022287
2025-01-20 00:34:08 - INFO - HTTP Request: POST https://svc.blockdaemon.com/solana/mainnet/native "HTTP/1.1 200 OK"
2025-01-20 00:34:08 - INFO - Getting transaction 2NPkZ6WM2UzyBHykzpqkayPnprvPCm5fW3eqK74US5BaT5Boc4NyvsX4fnbstgHCK7RcienNjjtsVWfRezCnLens at slot 315022048
2025-01-20 00:34:09 - INFO - HTTP Request: POST https://svc.blockdaemon.com/solana/mainnet/native "HTTP/1.1 200 OK"
2025-01-20 00:34:09 - INFO - Getting transaction mWBkLfkkHKh1P9SpMf4mypGWoaqyxtQU76p5XAmEqYTSWZAkkj6L1paYzvYVrKYJHBMxfwTMpcM9CbnvTRzSEk6 at slot 315021627
2025-01-20 00:34:10 - INFO - HTTP Request: POST https://svc.blockdaemon.com/solana/mainnet/native "HTTP/1.1 200 OK"
2025-01-20 00:34:10 - INFO - Getting transaction 5AJfnPUnMFsAs2WPomhSfaemf6bgPTfdLfVHs9XWfQRtHAnjAkEWgm7TB5xeyjNpRAb9TRuCT5u6j45KL8bvRUar at slot 315021378
2025-01-20 00:34:11 - INFO - HTTP Request: POST https://svc.blockdaemon.com/solana/mainnet/native "HTTP/1.1 200 OK"
2025-01-20 00:34:11 - INFO - Getting transaction 3gyXTmURW7K2NvXoQWzCpouiYfVF5jVwDhbPPoEV7Cz5ZCDeVQTMJvZKfDDU3Qxo2kauERubDe6dDZEskbj8DTHp at slot 315018788
2025-01-20 00:34:12 - INFO - HTTP Request: POST https://svc.blockdaemon.com/solana/mainnet/native "HTTP/1.1 200 OK"
2025-01-20 00:34:12 - INFO - Getting transaction 542aToGShcN7diXAFCJZrwLhQ6BLWCfDyrFPFEDhsX2zk4Huoypn2CKsnVLD441WhFGN9Z6SCkXdVf6C7Qx8oN6p at slot 315018623
2025-01-20 00:34:13 - INFO - HTTP Request: POST https://svc.blockdaemon.com/solana/mainnet/native "HTTP/1.1 200 OK"
2025-01-20 00:34:13 - INFO - Getting transaction 2mvhhJxGCU9XnPhyze35gnSEv2RiNuszjjitEAJmu9UVbv85eyuMYgzBDC3GxY1fhNLcYUNjEvZAm46dZXRF9N7Q at slot 315018321
2025-01-20 00:34:14 - INFO - HTTP Request: POST https://svc.blockdaemon.com/solana/mainnet/native "HTTP/1.1 200 OK"
2025-01-20 00:34:14 - INFO - Getting transaction 64Hw7PcaCsJaJ1AQV6o1QGs7L7n2jsZzkbrNX6NgTJJWLc1nmQLmoQxXWGwxCeskBnsc3FZLKWXR87rNwSqLRtRx at slot 315017681
2025-01-20 00:34:15 - INFO - HTTP Request: POST https://svc.blockdaemon.com/solana/mainnet/native "HTTP/1.1 200 OK"
2025-01-20 00:34:15 - INFO - Getting transaction 5wdX4tv1V6ASsVYowZsjxR4MXphuMNeAi7iKAgmkbtx3rAR5b8GBjzyFgpE7mz8W81aJKYNT96eTE6NM3En5EDMm at slot 315017417
2025-01-20 00:34:16 - INFO - HTTP Request: POST https://svc.blockdaemon.com/solana/mainnet/native "HTTP/1.1 200 OK"
2025-01-20 00:34:16 - INFO - Getting transaction 2wquNk3ec8qsqaKuze5QQejiZv1pPYYYUKgNuEeojEyLoqMC49Z8hzMTxbaeSW4hAbvkPjoHPhm59FvXHfhN1b2y at slot 315014320
2025-01-20 00:34:17 - INFO - HTTP Request: POST https://svc.blockdaemon.com/solana/mainnet/native "HTTP/1.1 200 OK"
2025-01-20 00:34:17 - INFO - Getting transaction 4v5y6mAY3xsWyxyXNSo339iMTMYwf3DGwqxA1BWbzSQaST2LD7yD5S2E5NfccnLWAv9bgFDTZEhgwbQe59CnTKbD at slot 315013703
2025-01-20 00:34:18 - INFO - HTTP Request: POST https://svc.blockdaemon.com/solana/mainnet/native "HTTP/1.1 200 OK"
2025-01-20 00:34:18 - INFO - Getting transaction 3sXBZLCuXPwZqPUTQmu8HMUz2THJcefFpYASAnwSxb3PjJiCMm1ZrPANpNobiStzCirYxV6NFE4Vhi22R98DAPQq at slot 315013166
2025-01-20 00:34:19 - INFO - HTTP Request: POST https://svc.blockdaemon.com/solana/mainnet/native "HTTP/1.1 200 OK"
2025-01-20 00:34:19 - INFO - Getting transaction 25Z3Bt58wnJkVPxKcxeanQ33KrqgiumtPMrHQSvgW3qPx2UhqwfHvQeJ9ta3AHYYo1wFygehNGVfYFiDz6y7yR4W at slot 315012655
2025-01-20 00:34:20 - INFO - HTTP Request: POST https://svc.blockdaemon.com/solana/mainnet/native "HTTP/1.1 200 OK"
2025-01-20 00:34:20 - INFO - Getting transaction 4nF96s1zwP54YUc3aj37memsHzgi7z5Pw5LnVYaGKbjsBmTpdJfoP1ZidCrTR7JsekwpRr4Yxw6uGAPPy6Re1cek at slot 315012460
2025-01-20 00:34:21 - INFO - HTTP Request: POST https://svc.blockdaemon.com/solana/mainnet/native "HTTP/1.1 200 OK"
2025-01-20 00:34:21 - INFO - Getting transaction 5YQypAKU52gytn5KF956ibxUjKGHpF2vYqr3uPRmjFquJKrV7To8475RLEveCybv43fnKZTHK9552gRxPVbTQzoW at slot 315012146
2025-01-20 00:34:22 - INFO - HTTP Request: POST https://svc.blockdaemon.com/solana/mainnet/native "HTTP/1.1 200 OK"
2025-01-20 00:34:22 - INFO - Getting transaction 492YGcyBMy1s7xrS9ENsqCo91Sps5ZC67fFZGXu7jEzUwDw6bLSnDDDx9C6ntSogsKwQZQHzz1fn39kWF1DnUY1W at slot 315009776
2025-01-20 00:34:23 - INFO - HTTP Request: POST https://svc.blockdaemon.com/solana/mainnet/native "HTTP/1.1 200 OK"
2025-01-20 00:34:23 - INFO - Getting transaction 5AYMUTELWgLYLBCsALn8AAZGhmQuTE3oQjEnq6Cw3p6DDAAqCxGKH6prXdJEKKMmL3vupQTr9vba8eZwpZVrBGi5 at slot 315009172
2025-01-20 00:34:24 - INFO - HTTP Request: POST https://svc.blockdaemon.com/solana/mainnet/native "HTTP/1.1 200 OK"
2025-01-20 00:34:24 - INFO - Getting transaction 4DqtHanJJAeLYn2TRNEcknikdDokeUY8HtVrGJHBh6QKi4QyGBmFoJBbzks955RNH2MKyKE7PU4nUrD3jzCES3gD at slot 315008515
2025-01-20 00:34:25 - INFO - HTTP Request: POST https://svc.blockdaemon.com/solana/mainnet/native "HTTP/1.1 200 OK"
2025-01-20 00:34:25 - INFO - Getting transaction 23q9MxJgfAKzdQfNN9WNhuzJLDmY99A9CuL3miwg5c7qbk6hCM7hDvhH2TAB2GRsPvnupNNjCCPF9JkxXygkH4Jq at slot 315008313
2025-01-20 00:34:26 - INFO - HTTP Request: POST https://svc.blockdaemon.com/solana/mainnet/native "HTTP/1.1 200 OK"
2025-01-20 00:34:26 - INFO - Getting transaction 2tCuRDszF6DsjxqqV22TEnSDqzEDu9xi1ZV7seSHvCEzt3FCuPTh4UXUoWQ6TPAGjaycEdHijsVQxYC1AhSBngk9 at slot 315007292
2025-01-20 00:34:27 - INFO - HTTP Request: POST https://svc.blockdaemon.com/solana/mainnet/native "HTTP/1.1 200 OK"
2025-01-20 00:34:27 - INFO - Getting transaction 35CBpuqj78bBJsUDEqmfL8XqRzsjHMFHoirqRhAFE8CXZRQbGk9Tv47vfTkJZJ8cHF5GFN6Dzb9eSng229SvRUY8 at slot 315007212
2025-01-20 00:34:28 - INFO - HTTP Request: POST https://svc.blockdaemon.com/solana/mainnet/native "HTTP/1.1 200 OK"
2025-01-20 00:34:28 - INFO - Getting transaction TW32avUoNMZzi4jN642wK3oyHWrYPrkeJw9iP6WZuuHgvwQe3kUvRwTEvLtG4ww5iZ1SfyP1b9XCxN3kcSxngrN at slot 315006984
2025-01-20 00:34:29 - INFO - HTTP Request: POST https://svc.blockdaemon.com/solana/mainnet/native "HTTP/1.1 200 OK"
2025-01-20 00:34:29 - INFO - Getting transaction 4YvVsTmkqKTYj59Yy8L8FpWfvAoREdwy2xy68SUnAdYSqwsVHE6gs8cfbv8ewUHMYJx9kfydvsX9fzwokn2gDysh at slot 315006836
2025-01-20 00:34:30 - INFO - HTTP Request: POST https://svc.blockdaemon.com/solana/mainnet/native "HTTP/1.1 200 OK"
2025-01-20 00:34:30 - INFO - Getting transaction 2kew1V8qURrRP9m6EH8WDmf7N4JyG3ShQHi75xyB4ZfBaEVv6EbxwYjLdnLCbASEJUuG524df8wkGo98Tgm8ohxR at slot 315006062
2025-01-20 00:34:31 - INFO - HTTP Request: POST https://svc.blockdaemon.com/solana/mainnet/native "HTTP/1.1 200 OK"
2025-01-20 00:34:31 - INFO - Getting transaction 5KjZYuj9J5ofb4m4hM5vGzZ9DqDMdnXoiCVRnHcv4oLhyc57YBbRiTCufuhYxPw3bzh7DbHABqTQhuRhbXdfgVRm at slot 315005465
2025-01-20 00:34:32 - INFO - HTTP Request: POST https://svc.blockdaemon.com/solana/mainnet/native "HTTP/1.1 200 OK"
2025-01-20 00:34:32 - INFO - Getting transaction 2QMHn4FTiBBJEay4F7NBcpWncMzXmdJjxu2s4xjMDJcxjqPV6PZ72VRKYAiifa143HUrh5hRHrDyxvGn2RpGn1rM at slot 315003044
2025-01-20 00:34:33 - INFO - HTTP Request: POST https://svc.blockdaemon.com/solana/mainnet/native "HTTP/1.1 200 OK"
2025-01-20 00:34:33 - INFO - Getting transaction 4bTjpax6g6YSCcNAFmaEagy7yrrXL1tsqnTjDMiL7f5MVxqxwpipaCrmxHy4hTwjXPzPtS5NTpDDmWQcs82Lp9P2 at slot 315002450
2025-01-20 00:34:34 - INFO - HTTP Request: POST https://svc.blockdaemon.com/solana/mainnet/native "HTTP/1.1 200 OK"
2025-01-20 00:34:34 - INFO - Getting transaction 5RvUBE6gTPXsBpjxXmyTdp3NaviYWEL5Any6XRsPJTBYuJZpiVURb7Q1LpRJVgvHKeQAL6tQ9FZZe4i68ynbfK8s at slot 315002264
2025-01-20 00:34:35 - INFO - HTTP Request: POST https://svc.blockdaemon.com/solana/mainnet/native "HTTP/1.1 200 OK"
2025-01-20 00:34:35 - INFO - Getting transaction 5onMYrJzif8KzJYBcRZc5Gw6NKNJP8GhNgzKW4FjGBBu4YsCCVyh7AAGXtLzP3YbmpuceDKdxAfTwpPKjnhRYWLB at slot 315001160
2025-01-20 00:34:36 - INFO - HTTP Request: POST https://svc.blockdaemon.com/solana/mainnet/native "HTTP/1.1 200 OK"
2025-01-20 00:34:36 - INFO - Getting transaction 4639REVXbfXWSFrNGF8D3tD59vN2zprdo55PpkUc3zirVPF8Ce4cpJiQEKKj8611f4PeSidR9Yaobdf2FFC4Yk3c at slot 315000984
2025-01-20 00:34:37 - INFO - HTTP Request: POST https://svc.blockdaemon.com/solana/mainnet/native "HTTP/1.1 200 OK"
2025-01-20 00:34:37 - INFO - Getting transaction DwhLBiqHB4F7KpFe2DuDcpb34kzw5CCDX9rKt6NcSPp427tWupv6VpUDTxCZt2nj1jbE3Pq3tj348jA5WqfbXpu at slot 315000656
2025-01-20 00:34:38 - INFO - HTTP Request: POST https://svc.blockdaemon.com/solana/mainnet/native "HTTP/1.1 200 OK"
2025-01-20 00:34:38 - INFO - Getting transaction 4EAGf6B4m6k7Vh6FQmtDUWUStGVgxRHMCbsMzs47vbQ3PtoY5ptJFmb6H124zLoghCQBGCJtBjNBQsd9ZBr7tNW6 at slot 315000124
2025-01-20 00:34:39 - INFO - HTTP Request: POST https://svc.blockdaemon.com/solana/mainnet/native "HTTP/1.1 200 OK"
2025-01-20 00:34:39 - INFO - Getting transaction 4uphhz67He62dW4XLBFPkhS7RwC38h1LutDeay5zGP2FH2uHMdEGSmDFN6GzXHKsQhA5Rcpx96DSvZb5xAsmkc3u at slot 314999886
2025-01-20 00:34:40 - INFO - HTTP Request: POST https://svc.blockdaemon.com/solana/mainnet/native "HTTP/1.1 200 OK"
2025-01-20 00:34:40 - INFO - Getting transaction 33gHJPfHqdw9e8QGAY3VdQah5k8QncfphXMBB2gPvWaefKAukVu2AQXkjV4ayJUsPVPr5wYz2iDCZEiZVDQdYf6K at slot 314999376
2025-01-20 00:34:41 - INFO - HTTP Request: POST https://svc.blockdaemon.com/solana/mainnet/native "HTTP/1.1 200 OK"
2025-01-20 00:34:41 - INFO - Getting transaction 6ohUChCFYiMhyC3q6qc8WyhH21oLC5oC8FWLnfNeAqeocpmYK8hYFkS4cKc43kzBZZHVAyH9XMeMKxQTAJCtPQv at slot 314998914
2025-01-20 00:34:42 - INFO - HTTP Request: POST https://svc.blockdaemon.com/solana/mainnet/native "HTTP/1.1 200 OK"
2025-01-20 00:34:42 - INFO - Getting transaction 55cFS18mJmaStwtAZMYNjj38tm8eJ1DKsfCQ9pVa6EJzUDs8Y8MSghiHRdzZvFMBKr5rnd3jeSjq1fcRydn6H4fB at slot 314998312
2025-01-20 00:34:43 - INFO - HTTP Request: POST https://svc.blockdaemon.com/solana/mainnet/native "HTTP/1.1 200 OK"
2025-01-20 00:34:43 - INFO - Getting transaction 21GjAPF6a5bx9YpykNbphxi3WYwpwye8oR82mWVmGCVdAp8iFPy8bjUyUadGcP9h8ribkUsz78SLsG8MPW4my9wL at slot 314997858
2025-01-20 00:34:44 - INFO - HTTP Request: POST https://svc.blockdaemon.com/solana/mainnet/native "HTTP/1.1 200 OK"
2025-01-20 00:34:44 - INFO - Getting transaction KyyABoc4mqohThLMyLu2mqna4wYCRJGBfVwMPBXtB83XTq6NwdgvGGSSTZe8Y1ETjFKp5PvpM7ACjw9FGPTkLLu at slot 314997026
2025-01-20 00:34:45 - INFO - HTTP Request: POST https://svc.blockdaemon.com/solana/mainnet/native "HTTP/1.1 200 OK"
2025-01-20 00:34:45 - INFO - Getting transaction 4QJkihrJrwtJaPVGQEyzxsrfv1G4Fm6NgoUTz9iVedAnmTjKpvsSNLnCcnNmn9PMWg5qF53goquHf7U8dcH67UKg at slot 314995526
2025-01-20 00:34:46 - INFO - HTTP Request: POST https://svc.blockdaemon.com/solana/mainnet/native "HTTP/1.1 200 OK"
2025-01-20 00:34:46 - INFO - Getting transaction zPEUatZTgJkfQ49Jnxn1FRtmxqhebdJDCaML3NskCq9EhpGzZFuAkrZi9LNjm9x6hWCk2JkNF55r6Q9VEsTEV5A at slot 314995225
2025-01-20 00:34:47 - INFO - HTTP Request: POST https://svc.blockdaemon.com/solana/mainnet/native "HTTP/1.1 200 OK"
2025-01-20 00:34:47 - INFO - Getting transaction BfxQmAK1kiX8MvUmJQmo9WtEBgb53peHtxNSKeEQmX24MX6RzSac98DbmBAogpKBxrkgm5S7kk1ULCmcvaAY1Kk at slot 314995134
2025-01-20 00:34:48 - INFO - HTTP Request: POST https://svc.blockdaemon.com/solana/mainnet/native "HTTP/1.1 200 OK"
2025-01-20 00:34:48 - INFO - Getting transaction s2NbtBtdfXWFGVvUeL6s1WDuKae8hvnDmby7tiX1GMAYyTZcmyzRdMLR3Hf431uaCjpYAq2uT3rno8ErbGfz7a9 at slot 314994972
2025-01-20 00:34:49 - INFO - HTTP Request: POST https://svc.blockdaemon.com/solana/mainnet/native "HTTP/1.1 200 OK"
2025-01-20 00:34:49 - INFO - Getting transaction 5hsqc7Rt4aVvLsJBGdorwvMcySaRvbfyBxDqRUbe7gPfoEMCqBTLkrZxeFxZLkMjd44hsy5GFWShcsBk9UiZGouK at slot 314994787
2025-01-20 00:34:50 - INFO - HTTP Request: POST https://svc.blockdaemon.com/solana/mainnet/native "HTTP/1.1 200 OK"
2025-01-20 00:34:50 - INFO - Getting transaction 3XYp5h41eBm9ES6TbupFCUdEideeyL5avjehYaAhkgFnpG7rT4AatpuecXXoQuc8b2Jf7XiNKcFeTzZLoWiueqZZ at slot 314994350
2025-01-20 00:34:51 - INFO - HTTP Request: POST https://svc.blockdaemon.com/solana/mainnet/native "HTTP/1.1 200 OK"
2025-01-20 00:34:51 - INFO - Getting transaction 5m6RVGFNinKsZTvJ5nZmFmiihpkhXkmFPmAY6H8wxkuCzpKoiLoLWiidsfPD3E4uhJtWy45J6Rc7hwdzh8SbZtdw at slot 314993618
2025-01-20 00:34:52 - INFO - HTTP Request: POST https://svc.blockdaemon.com/solana/mainnet/native "HTTP/1.1 200 OK"
2025-01-20 00:34:52 - INFO - Getting transaction qxv7JbjAnZFMmyVsi2sqm2G9W363ouGVKqLxLQuEnA6MLTRnnvYHZ3GD76oeXvosL6thcGk5SwNWUKJtWPKf4zh at slot 314992851
2025-01-20 00:34:53 - INFO - HTTP Request: POST https://svc.blockdaemon.com/solana/mainnet/native "HTTP/1.1 200 OK"
2025-01-20 00:34:53 - INFO - Getting transaction Ry5pyMr4tm5gWQdYvGVRaCJWqLtJbD23cMeA5wT5i9F249uhWE8FpoyhEw6Cq7EqtFzEhGnZkWXpFp82LunmwJg at slot 314992593
2025-01-20 00:34:54 - INFO - HTTP Request: POST https://svc.blockdaemon.com/solana/mainnet/native "HTTP/1.1 200 OK"
2025-01-20 00:34:54 - INFO - Getting transaction 3ZJeiHgRAUzS3PtXZjBxNa6oJg63zkDyJwzZwsYS2y6cXQJecQxFdDqZWvHYnsArNfuXHzVRSoSwBPBwaxsKoHNs at slot 314992312
2025-01-20 00:34:55 - INFO - HTTP Request: POST https://svc.blockdaemon.com/solana/mainnet/native "HTTP/1.1 200 OK"
2025-01-20 00:34:55 - INFO - Getting transaction 2LUZVDngXwfs16HdPB6oLTDAsMv8oTfEhdc1jDbvfvfrVwaNTHocFdpYeM3xm9QKTf9jJSttxEoguMp6qjfwp85d at slot 314991799
2025-01-20 00:34:56 - INFO - HTTP Request: POST https://svc.blockdaemon.com/solana/mainnet/native "HTTP/1.1 200 OK"
2025-01-20 00:34:56 - INFO - Getting transaction YuzPho1Cwta5g8XggzRfk9Nwbo3EZhrCt6V4nC1w3fRsK3ire7Q2u7T46V8EMx3syhoKvCokWrrKr4u89mYdyxZ at slot 314991468
2025-01-20 00:34:57 - INFO - HTTP Request: POST https://svc.blockdaemon.com/solana/mainnet/native "HTTP/1.1 200 OK"
2025-01-20 00:34:57 - INFO - Getting transaction 3BLeaVpsouQYpsxQEyn3L2JaPnq4P2XnhNvCHaCEbBfrfJU7sgAJmmmyKYe4wZRRoGJdVXWWHcJMb5fhWYi69jxs at slot 314991356
2025-01-20 00:34:58 - INFO - HTTP Request: POST https://svc.blockdaemon.com/solana/mainnet/native "HTTP/1.1 200 OK"
2025-01-20 00:34:58 - INFO - Getting transaction 4R7WedaiuRXiHfQktMLLkmyA9kB1thZMwbAyxdm8CWG6dYYgWM8PuCc7n1PD9rByssL7QjoZv5kfdvBtxVMk5vQJ at slot 314991013
2025-01-20 00:34:59 - INFO - HTTP Request: POST https://svc.blockdaemon.com/solana/mainnet/native "HTTP/1.1 200 OK"
2025-01-20 00:34:59 - INFO - Getting transaction 459o26yUTqDT7SWXeSJHUXCah61r2ubxyGmqWSPheZNzuJW2q62PtN3eL8ABRbLQU5wRaWcpSHopNppThD3Jy3b2 at slot 314989775
2025-01-20 00:35:00 - INFO - HTTP Request: POST https://svc.blockdaemon.com/solana/mainnet/native "HTTP/1.1 200 OK"
2025-01-20 00:35:00 - INFO - Getting transaction 4tkRPSTa1Jsk49YqjtQpSvT5uxk1MzgUTUJrk7e8uUMfkbp5xWRYnMAuAvFds6yJTQwKvoNzMgSZJhNbNYoLyBMo at slot 314989137
2025-01-20 00:35:01 - INFO - HTTP Request: POST https://svc.blockdaemon.com/solana/mainnet/native "HTTP/1.1 200 OK"
2025-01-20 00:35:01 - INFO - Getting transaction 3Dp7BZD8gNxeS8mH3YpPiwaraB1bkfA626BVyXZVSEpx1tPG93AxFboduVMuJsGTJhNfnvUJu3a1aGw5TnMTK2b2 at slot 314987452
2025-01-20 00:35:02 - INFO - HTTP Request: POST https://svc.blockdaemon.com/solana/mainnet/native "HTTP/1.1 200 OK"
2025-01-20 00:35:02 - INFO - Getting transaction 5cQsyfzzTW8NKaRtaxxqY439fL3xf38Lhh9frzrz1KXzyn81u9k15WLMVh42WDsR4RwL4oXvd6JF1Nko8BSVai8h at slot 314986586
2025-01-20 00:35:03 - INFO - HTTP Request: POST https://svc.blockdaemon.com/solana/mainnet/native "HTTP/1.1 200 OK"
2025-01-20 00:35:03 - INFO - Getting transaction 3mfrN7LTQzjdJcNiMAgWzG8zh4bGHozdeEqnnJXMksDbKbvAZWF1W4SjVKeeAAiDTDKsiCLBY8wX5aLtQww9FK1C at slot 314985956
2025-01-20 00:35:04 - INFO - HTTP Request: POST https://svc.blockdaemon.com/solana/mainnet/native "HTTP/1.1 200 OK"
2025-01-20 00:35:04 - INFO - Getting transaction yDPNroa9ayqfPPPSMZh2irGmZHhxpFKAhjQKcDz1WsLA1wc9UwyKdwyqXCp6mhsiQTZaCFj1ZQWc1K2FZ9WyEjZ at slot 314985850
2025-01-20 00:35:05 - INFO - HTTP Request: POST https://svc.blockdaemon.com/solana/mainnet/native "HTTP/1.1 200 OK"
2025-01-20 00:35:05 - INFO - Getting transaction LTYXdnzoSRz9nd1hT4YmgLfzG25umvrJ3VchrkP3UJsGHj7SDPREkRg2aiHec3gJdpaZ3rCJUQxZkEBzzUGiDe1 at slot 314985653
2025-01-20 00:35:06 - INFO - HTTP Request: POST https://svc.blockdaemon.com/solana/mainnet/native "HTTP/1.1 200 OK"
2025-01-20 00:35:06 - INFO - Getting transaction DYLjRbixWSmAxsDynanTSZ9vcSVZaw5dZneW6x3zszJauAB8sAo6LDTrrhbbEWuSgtcPHZjwj8tK2W6vuJAzYYB at slot 314985308
2025-01-20 00:35:07 - INFO - HTTP Request: POST https://svc.blockdaemon.com/solana/mainnet/native "HTTP/1.1 200 OK"
2025-01-20 00:35:07 - INFO - Getting transaction 2tJMuHnh8egs6hCJxtShKic1u2VYpUSc3eRq5A5cmFyTuRecDcMBji8oAyJX1xf12TqSjmzP98MfhNnS8QBU2pPV at slot 314984615
2025-01-20 00:35:08 - INFO - HTTP Request: POST https://svc.blockdaemon.com/solana/mainnet/native "HTTP/1.1 200 OK"
2025-01-20 00:35:08 - INFO - Getting transaction 4YkaFbvFjkRy1UBwVovfRH6bhzBnrEcLFSw2dzrFHVBTXWXKcusCcHhSE4KYpKAVfv61f7LGorcmRy1kfo6ZeL5A at slot 314984492
2025-01-20 00:35:09 - INFO - HTTP Request: POST https://svc.blockdaemon.com/solana/mainnet/native "HTTP/1.1 200 OK"
2025-01-20 00:35:09 - INFO - Getting transaction 24RCWLRk6WvqDgPeNVDXmA8wPM52iFdyWKga8mXF6bvrn4xgmGwxR23TcutybRWa9qy2mvmKWN5C4dWSkoHXMPJG at slot 314984164
2025-01-20 00:35:10 - INFO - HTTP Request: POST https://svc.blockdaemon.com/solana/mainnet/native "HTTP/1.1 200 OK"
2025-01-20 00:35:10 - INFO - Getting transaction MC7LpkNyaEXrUK8HQUvkpctcNNGNCF8sK7wdr6UNUvMu1buU22NZbEzYECXip4H4fz5qMJbYehncZVTB8oKYB1p at slot 314983640
2025-01-20 00:35:11 - INFO - HTTP Request: POST https://svc.blockdaemon.com/solana/mainnet/native "HTTP/1.1 200 OK"
2025-01-20 00:35:11 - INFO - Getting transaction 2Wm3rxVxwAdW6EvUkMYcScvVMM8rp47AmFJq8eCZmPCvvXNVo6RUrMbEb1RLb3QHbB4hYRa9DKdR3n37LUZJYx5y at slot 314983569
2025-01-20 00:35:12 - INFO - HTTP Request: POST https://svc.blockdaemon.com/solana/mainnet/native "HTTP/1.1 200 OK"
2025-01-20 00:35:12 - INFO - Getting transaction 3e4HirEvhhoSVmLaMqenwaFKCg5bq8jd3jttrqzHBESHmrVxFzch9AF8AFfM3uPHCMeFqa15bTfXLtp1kt7wBCRa at slot 314980532
2025-01-20 00:35:13 - INFO - HTTP Request: POST https://svc.blockdaemon.com/solana/mainnet/native "HTTP/1.1 200 OK"
2025-01-20 00:35:13 - INFO - Getting transaction 3vbmhfdaemj3XD8SrjH4AEq8sCzYLzY6GW8ZteAmEb9wpMWUGncQgCxDLsHgNFe7YGqtXoZgRgAuPvyyWaxuL51X at slot 314980234
2025-01-20 00:35:14 - INFO - HTTP Request: POST https://svc.blockdaemon.com/solana/mainnet/native "HTTP/1.1 200 OK"
2025-01-20 00:35:14 - INFO - Getting transaction LWG7iBJtLjjn4jDQRQoVDdRVxMFnDM78Ms7QrTgEnL6cuvoKLqfBMMNuJE6EkLpJV2Phfjc772oAMps5Bv71J8A at slot 314980085
2025-01-20 00:35:15 - INFO - HTTP Request: POST https://svc.blockdaemon.com/solana/mainnet/native "HTTP/1.1 200 OK"
2025-01-20 00:35:15 - INFO - Getting transaction 4PzriMmorw5w7NJzKpb9cViUYPX8jJgijMoEFJmWwYK89opjXRCixjt7dhr9CSq99Bwj7uBSiYHF4qhexLnJqsTk at slot 314979892
2025-01-20 00:35:16 - INFO - HTTP Request: POST https://svc.blockdaemon.com/solana/mainnet/native "HTTP/1.1 200 OK"
2025-01-20 00:35:16 - INFO - Getting transaction 4S4NWGwq91KjH4Y7LUJ1pkgAu9T2pUMhe8AunPEYDQ642LW61ANav9dH9xBih8GaMcxbJ3L2GS784UwfXoFxSDD1 at slot 314977389
2025-01-20 00:35:17 - INFO - HTTP Request: POST https://svc.blockdaemon.com/solana/mainnet/native "HTTP/1.1 200 OK"
2025-01-20 00:35:17 - INFO - Getting transaction 3VxYrRrC878RJkXn8BFgu7CwJ8xjJZkKuMCQh8bhd7hcBRFwT5RrMfARCNEDDK86p5e1s3Qz8jKNJtRknkDuAE4e at slot 314975692
2025-01-20 00:35:18 - INFO - HTTP Request: POST https://svc.blockdaemon.com/solana/mainnet/native "HTTP/1.1 200 OK"
2025-01-20 00:35:18 - INFO - Getting transaction grPRWokiUwNFmcLyL89JP7Y5h1T6dyQcvty4d2pUzVNrLpq5D3Sdh7Q99efEmg8cjEKaKcAbXXaPyunrXJiBsdR at slot 314975312
2025-01-20 00:35:19 - INFO - HTTP Request: POST https://svc.blockdaemon.com/solana/mainnet/native "HTTP/1.1 200 OK"
2025-01-20 00:35:19 - INFO - Getting transaction fF8j6TuPoGJt8RWKzcrVHbTaesritgafkpz1VFAFnss1ELJGzxWhS8ywUjPR2E4BXTHmkyX4B5e72HfRAigDqPY at slot 314974712
2025-01-20 00:35:20 - INFO - HTTP Request: POST https://svc.blockdaemon.com/solana/mainnet/native "HTTP/1.1 200 OK"
2025-01-20 00:35:20 - INFO - Getting transaction 4Xs1yCn3DA1GDkcVWPxg9PCEFP2Q5mNAtKxgTrv5wH66T9D7g1iU92K1bLRKa6JnA5tGdAuQBiQLn1dD6f2kLdHM at slot 314973520
2025-01-20 00:35:21 - INFO - HTTP Request: POST https://svc.blockdaemon.com/solana/mainnet/native "HTTP/1.1 200 OK"
2025-01-20 00:35:21 - INFO - Getting transaction 58K9kN18bbh4tw4FpfSn1nh4mqvjSi6x7iy9mXsbJsnMeL9Etkc9A4kUoprSNYZqbZDAN34vVLStbGfGyTtovn1i at slot 314970244
2025-01-20 00:35:22 - INFO - HTTP Request: POST https://svc.blockdaemon.com/solana/mainnet/native "HTTP/1.1 200 OK"
2025-01-20 00:35:22 - INFO - Getting transaction 4ZFksa5EByh254j1UD1HFxLvZSBAbuhJtJDqNptwRPXTjCyKrj3LM9C2CLhwUG66DkL84E76s3RS3n36GNXPEFAQ at slot 314968563
2025-01-20 00:35:23 - INFO - HTTP Request: POST https://svc.blockdaemon.com/solana/mainnet/native "HTTP/1.1 200 OK"
2025-01-20 00:35:23 - INFO - Getting transaction 3LWfmdez7dcqgJkqA5g94uuGAme7v4PDgq3U3Co4yAUMwnrSv3e53NKykmJDwq8pkgmP2Uvu9vSCb1NYdHvFErzq at slot 314968330
2025-01-20 00:35:24 - INFO - HTTP Request: POST https://svc.blockdaemon.com/solana/mainnet/native "HTTP/1.1 200 OK"
2025-01-20 00:35:24 - INFO - Getting transaction 5Qo1STPjrRduLUtirho62YFZPnMAayeWaiLoKto7XM9Lii1evL94D9Y6vmpUPY9ereHhfv2yP1RbS74PJFcUDV8B at slot 314968124
2025-01-20 00:35:25 - INFO - HTTP Request: POST https://svc.blockdaemon.com/solana/mainnet/native "HTTP/1.1 200 OK"
2025-01-20 00:35:25 - INFO - Getting transaction 19AoPZcX6obLTD2DxafSrYQmc37m5h1tk3PTuAMWmHdGYvjBzbPprNShe6tS7MzYtG7Qz3Tt9vbhgMv8Z4UoHsy at slot 314967806
2025-01-20 00:35:26 - INFO - HTTP Request: POST https://svc.blockdaemon.com/solana/mainnet/native "HTTP/1.1 200 OK"
2025-01-20 00:35:26 - INFO - Getting transaction MSoQSGFb62AdVq883QyJMQSJPZ6LmU6qmHk8YV5H6aTJPx2h76ME59AqNYRZABSyzJEc5sqb9BHB7ea5S9fq6rX at slot 314967240
2025-01-20 00:35:27 - INFO - HTTP Request: POST https://svc.blockdaemon.com/solana/mainnet/native "HTTP/1.1 200 OK"
2025-01-20 00:35:27 - INFO - Getting transaction 2AmVjSitDFkosBJ42pMubUJnSGo1DPijb8eSMZqX1jYdYYh1ZCJRWhX4vhgyTXMpfEb5WnoPYCijodtcrKVtn8i3 at slot 314967080
2025-01-20 00:35:28 - INFO - HTTP Request: POST https://svc.blockdaemon.com/solana/mainnet/native "HTTP/1.1 200 OK"
2025-01-20 00:35:28 - INFO - Getting transaction 3wsogbcKrFN19M6pyJCBvLnr1mZb5FB99pcf5EuDQg91X4EQQPSFjgf8jHcZdFPUF4Z6hH6qcoHWthmzuRyHCLMV at slot 314966879
2025-01-20 00:35:29 - INFO - HTTP Request: POST https://svc.blockdaemon.com/solana/mainnet/native "HTTP/1.1 200 OK"
2025-01-20 00:35:29 - INFO - Getting transaction 3gTWRfrRi6ZhW4aj7r8RyrP9eNnEh1EBBzL5kgkoTAP8w27RTPLnHABS5UK4RNZc4rjbRcwwXWhPZqd3J62w51MU at slot 314965972
2025-01-20 00:35:30 - INFO - HTTP Request: POST https://svc.blockdaemon.com/solana/mainnet/native "HTTP/1.1 200 OK"
2025-01-20 00:35:30 - INFO - Getting transaction 2yhMgTqudL6T1SJb1sadwW1uCDhpy4KtaYXGeHJiRHc7SdhjENGrjmtj1FTCq2FMhrKUXGXUhYxsHRyw8KNa6GcE at slot 314963356
2025-01-20 00:35:31 - INFO - HTTP Request: POST https://svc.blockdaemon.com/solana/mainnet/native "HTTP/1.1 200 OK"
2025-01-20 00:35:31 - INFO - Getting transaction 59UAnkZRfK3PfBte5CkejU1E2UCA7ApwjwknTDg8NsHpJ5LJSAr2MAKKvKYA6pU3LtaAJc72FdHEEJMdqNEo97jn at slot 314961783
2025-01-20 00:35:32 - INFO - HTTP Request: POST https://svc.blockdaemon.com/solana/mainnet/native "HTTP/1.1 200 OK"
2025-01-20 00:35:32 - INFO - Getting transaction yg29aHVaygVtdH4kTvrMcC2GJk91L5wHrfsKoSJtV1EhqWWCmoUsDtzF794B4PZk8mY6RBz7rQMZYwEhEdFwaL8 at slot 314961475
2025-01-20 00:35:33 - INFO - HTTP Request: POST https://svc.blockdaemon.com/solana/mainnet/native "HTTP/1.1 200 OK"
2025-01-20 00:35:33 - INFO - Getting transaction 2XRaGtA7r9NJTYvdm3PcosKr6W9LjQNYiCQqG7mhjuXLGDrLzLGSEx4ZwVY83wQ6DMETM9caLUbi9cQKFpT88za4 at slot 314953317
2025-01-20 00:35:34 - INFO - HTTP Request: POST https://svc.blockdaemon.com/solana/mainnet/native "HTTP/1.1 200 OK"
2025-01-20 00:35:34 - INFO - Found deposit wallet AB9f4yNceGpnnBzBFYWn7fWJCZa8ibe5yiJfKBwArNpi with probability 0.9999999999999961
2025-01-20 15:07:32 - INFO - Application started
2025-01-20 15:07:37 - INFO - HTTP Request: POST https://svc.blockdaemon.com/solana/mainnet/native "HTTP/1.1 200 OK"
2025-01-20 15:07:39 - INFO - HTTP Request: POST https://svc.blockdaemon.com/solana/mainnet/native "HTTP/1.1 200 OK"
2025-01-20 15:07:39 - INFO - Found potential deposit address ['5JPAWfhLNsYVk3tPpD3gHvpHbvaXDbpUpy1wUfQVYRS2', 'AB9f4yNceGpnnBzBFYWn7fWJCZa8ibe5yiJfKBwArNpi'] at slot 315053829
2025-01-20 15:07:40 - INFO - HTTP Request: POST https://svc.blockdaemon.com/solana/mainnet/native "HTTP/1.1 200 OK"
2025-01-20 15:07:40 - INFO - Found deposit wallet 5JPAWfhLNsYVk3tPpD3gHvpHbvaXDbpUpy1wUfQVYRS2 with probability 0.0
2025-01-20 15:07:42 - INFO - HTTP Request: POST https://svc.blockdaemon.com/solana/mainnet/native "HTTP/1.1 200 OK"
2025-01-20 15:07:42 - INFO - Getting transaction 3nbLhmp6gL54gpt9vC5wtY4fboMDb3VdQQxRyv3qh6DgAk6moyTW9svRgaxWus2M98V6EqVSEQxGoE2ukCAYLobK at slot 315028942
2025-01-20 15:07:42 - INFO - HTTP Request: POST https://svc.blockdaemon.com/solana/mainnet/native "HTTP/1.1 200 OK"
2025-01-20 15:07:42 - INFO - Getting transaction 5kzHWXZT59LiMtCfy97W21EaWN8koyDvxp6hFKmJHUF6KwwEgwsAEudeLCDd8Wq8UF5CnnFkCxWEpyQWGQu7LK7H at slot 315028602
2025-01-20 15:07:43 - INFO - HTTP Request: POST https://svc.blockdaemon.com/solana/mainnet/native "HTTP/1.1 200 OK"
2025-01-20 15:07:43 - INFO - Getting transaction 3H3cvT3LhJ5TnQcJVd41gVVsb3WGiU5yLy7tscnB4kt8DNn4DGcZhmvn8GR5XWXtEY8ZT1Ksx3DCYTNms4bRy6vK at slot 315028385
2025-01-20 15:07:44 - INFO - HTTP Request: POST https://svc.blockdaemon.com/solana/mainnet/native "HTTP/1.1 200 OK"
2025-01-20 15:07:44 - INFO - Getting transaction 2wUCKM6GrVTXTXpeCTvHFqDjQyNZMYzTfwpHpvgD5pKH4EHQnawGBnyySs3UBF7LUc7XYsdJjrSVoxHocV7ZGJmR at slot 315027296
2025-01-20 15:07:45 - INFO - HTTP Request: POST https://svc.blockdaemon.com/solana/mainnet/native "HTTP/1.1 200 OK"
2025-01-20 15:07:45 - INFO - Getting transaction 3KpSdhR6B6A1NDxzHb9vTWnoYC9e23pD7vq3yVEoGnxvEr7kfR5kvTvXoazppaCGvjqwqy9GjrP7A2W99kEnoLij at slot 315026832
2025-01-20 15:07:46 - INFO - HTTP Request: POST https://svc.blockdaemon.com/solana/mainnet/native "HTTP/1.1 200 OK"
2025-01-20 15:07:46 - INFO - Getting transaction 3nmknccvniUSL2fLoLf9HLpBuqz9xVGjGazjkwyB35TcQojGeA54haRGSCg4x6pZkxVsbsiq3SULd2nEsHBzP7K at slot 315026416
2025-01-20 15:07:47 - INFO - HTTP Request: POST https://svc.blockdaemon.com/solana/mainnet/native "HTTP/1.1 200 OK"
2025-01-20 15:07:47 - INFO - Getting transaction 4M6cmubycMD6wSuumhg4UGXqKC1cihg31Fi9tEvrEkanbFLjLYZAaeC9YpjjCCGJa9dqKjd4H7RWQAeURRBKGokK at slot 315026115
2025-01-20 15:07:48 - INFO - HTTP Request: POST https://svc.blockdaemon.com/solana/mainnet/native "HTTP/1.1 200 OK"
2025-01-20 15:07:48 - INFO - Getting transaction 26nw3Y59Wxf8cwEszkMEoHmKJ76whpHLetX6gufzaG1A28ajzqdsXPbc3C4a24f4DTkEsGu22mVs5w6EX5vMvT8d at slot 315024717
2025-01-20 15:07:49 - INFO - HTTP Request: POST https://svc.blockdaemon.com/solana/mainnet/native "HTTP/1.1 200 OK"
2025-01-20 15:07:49 - INFO - Getting transaction 2RVX6vBAY2i6UfzFsDtXovAAobxSPdLD4q7VKr1Xn3e5gjWmEHWgS2P2ADKg2Hgc9cgN1M4wCLzMFbLsEKWMFEtH at slot 315023393
2025-01-20 15:07:50 - INFO - HTTP Request: POST https://svc.blockdaemon.com/solana/mainnet/native "HTTP/1.1 200 OK"
2025-01-20 15:07:50 - INFO - Getting transaction 5HcnWctV7ZYxYbTEq2axQoxHBnjaaHtZAyzQ3anEJrCvBBUVh1zbGNPsi5SQWHBAdUzffdxEgq1UADicmAaLhfLJ at slot 315023332
2025-01-20 15:07:52 - INFO - HTTP Request: POST https://svc.blockdaemon.com/solana/mainnet/native "HTTP/1.1 200 OK"
2025-01-20 15:07:52 - INFO - Getting transaction 46pt5J8pMvncbGTYH7pzRqKBAnhQr53D3Ze5wq1LHG5kREWT63gfzm8ona4of5UeYspM48NQ1ZfzCChbRcK7zyke at slot 315022681
2025-01-20 15:07:52 - INFO - HTTP Request: POST https://svc.blockdaemon.com/solana/mainnet/native "HTTP/1.1 200 OK"
2025-01-20 15:07:52 - INFO - Getting transaction 49ZkwRRbbpnrbLN5JRu51C8cT7JEmVwm3BPgw37bC2z3wonHdgnBt1Fi339S2QkShfPqcDb2irYpApsoJ8ZCW8W8 at slot 315022287
2025-01-20 15:07:53 - INFO - HTTP Request: POST https://svc.blockdaemon.com/solana/mainnet/native "HTTP/1.1 200 OK"
2025-01-20 15:07:53 - INFO - Getting transaction 2NPkZ6WM2UzyBHykzpqkayPnprvPCm5fW3eqK74US5BaT5Boc4NyvsX4fnbstgHCK7RcienNjjtsVWfRezCnLens at slot 315022048
2025-01-20 15:07:54 - INFO - HTTP Request: POST https://svc.blockdaemon.com/solana/mainnet/native "HTTP/1.1 200 OK"
2025-01-20 15:07:54 - INFO - Getting transaction mWBkLfkkHKh1P9SpMf4mypGWoaqyxtQU76p5XAmEqYTSWZAkkj6L1paYzvYVrKYJHBMxfwTMpcM9CbnvTRzSEk6 at slot 315021627
2025-01-20 15:07:55 - INFO - HTTP Request: POST https://svc.blockdaemon.com/solana/mainnet/native "HTTP/1.1 200 OK"
2025-01-20 15:07:55 - INFO - Getting transaction 5AJfnPUnMFsAs2WPomhSfaemf6bgPTfdLfVHs9XWfQRtHAnjAkEWgm7TB5xeyjNpRAb9TRuCT5u6j45KL8bvRUar at slot 315021378
2025-01-20 15:07:56 - INFO - HTTP Request: POST https://svc.blockdaemon.com/solana/mainnet/native "HTTP/1.1 200 OK"
2025-01-20 15:07:56 - INFO - Getting transaction 3gyXTmURW7K2NvXoQWzCpouiYfVF5jVwDhbPPoEV7Cz5ZCDeVQTMJvZKfDDU3Qxo2kauERubDe6dDZEskbj8DTHp at slot 315018788
2025-01-20 15:07:57 - INFO - HTTP Request: POST https://svc.blockdaemon.com/solana/mainnet/native "HTTP/1.1 200 OK"
2025-01-20 15:07:57 - INFO - Getting transaction 542aToGShcN7diXAFCJZrwLhQ6BLWCfDyrFPFEDhsX2zk4Huoypn2CKsnVLD441WhFGN9Z6SCkXdVf6C7Qx8oN6p at slot 315018623
2025-01-20 15:07:58 - INFO - HTTP Request: POST https://svc.blockdaemon.com/solana/mainnet/native "HTTP/1.1 200 OK"
2025-01-20 15:07:58 - INFO - Getting transaction 2mvhhJxGCU9XnPhyze35gnSEv2RiNuszjjitEAJmu9UVbv85eyuMYgzBDC3GxY1fhNLcYUNjEvZAm46dZXRF9N7Q at slot 315018321
2025-01-20 15:07:59 - INFO - HTTP Request: POST https://svc.blockdaemon.com/solana/mainnet/native "HTTP/1.1 200 OK"
2025-01-20 15:07:59 - INFO - Getting transaction 64Hw7PcaCsJaJ1AQV6o1QGs7L7n2jsZzkbrNX6NgTJJWLc1nmQLmoQxXWGwxCeskBnsc3FZLKWXR87rNwSqLRtRx at slot 315017681
2025-01-20 15:08:00 - INFO - HTTP Request: POST https://svc.blockdaemon.com/solana/mainnet/native "HTTP/1.1 200 OK"
2025-01-20 15:08:00 - INFO - Getting transaction 5wdX4tv1V6ASsVYowZsjxR4MXphuMNeAi7iKAgmkbtx3rAR5b8GBjzyFgpE7mz8W81aJKYNT96eTE6NM3En5EDMm at slot 315017417
2025-01-20 15:08:01 - INFO - HTTP Request: POST https://svc.blockdaemon.com/solana/mainnet/native "HTTP/1.1 200 OK"
2025-01-20 15:08:01 - INFO - Getting transaction 2wquNk3ec8qsqaKuze5QQejiZv1pPYYYUKgNuEeojEyLoqMC49Z8hzMTxbaeSW4hAbvkPjoHPhm59FvXHfhN1b2y at slot 315014320
2025-01-20 15:08:02 - INFO - HTTP Request: POST https://svc.blockdaemon.com/solana/mainnet/native "HTTP/1.1 200 OK"
2025-01-20 15:08:02 - INFO - Getting transaction 4v5y6mAY3xsWyxyXNSo339iMTMYwf3DGwqxA1BWbzSQaST2LD7yD5S2E5NfccnLWAv9bgFDTZEhgwbQe59CnTKbD at slot 315013703
2025-01-20 15:08:03 - INFO - HTTP Request: POST https://svc.blockdaemon.com/solana/mainnet/native "HTTP/1.1 200 OK"
2025-01-20 15:08:03 - INFO - Getting transaction 3sXBZLCuXPwZqPUTQmu8HMUz2THJcefFpYASAnwSxb3PjJiCMm1ZrPANpNobiStzCirYxV6NFE4Vhi22R98DAPQq at slot 315013166
2025-01-20 15:08:04 - INFO - HTTP Request: POST https://svc.blockdaemon.com/solana/mainnet/native "HTTP/1.1 200 OK"
2025-01-20 15:08:04 - INFO - Getting transaction 25Z3Bt58wnJkVPxKcxeanQ33KrqgiumtPMrHQSvgW3qPx2UhqwfHvQeJ9ta3AHYYo1wFygehNGVfYFiDz6y7yR4W at slot 315012655
2025-01-20 15:08:05 - INFO - HTTP Request: POST https://svc.blockdaemon.com/solana/mainnet/native "HTTP/1.1 200 OK"
2025-01-20 15:08:05 - INFO - Getting transaction 4nF96s1zwP54YUc3aj37memsHzgi7z5Pw5LnVYaGKbjsBmTpdJfoP1ZidCrTR7JsekwpRr4Yxw6uGAPPy6Re1cek at slot 315012460
2025-01-20 15:08:06 - INFO - HTTP Request: POST https://svc.blockdaemon.com/solana/mainnet/native "HTTP/1.1 200 OK"
2025-01-20 15:08:06 - INFO - Getting transaction 5YQypAKU52gytn5KF956ibxUjKGHpF2vYqr3uPRmjFquJKrV7To8475RLEveCybv43fnKZTHK9552gRxPVbTQzoW at slot 315012146
2025-01-20 15:08:07 - INFO - HTTP Request: POST https://svc.blockdaemon.com/solana/mainnet/native "HTTP/1.1 200 OK"
2025-01-20 15:08:07 - INFO - Getting transaction 492YGcyBMy1s7xrS9ENsqCo91Sps5ZC67fFZGXu7jEzUwDw6bLSnDDDx9C6ntSogsKwQZQHzz1fn39kWF1DnUY1W at slot 315009776
2025-01-20 15:08:08 - INFO - HTTP Request: POST https://svc.blockdaemon.com/solana/mainnet/native "HTTP/1.1 200 OK"
2025-01-20 15:08:08 - INFO - Getting transaction 5AYMUTELWgLYLBCsALn8AAZGhmQuTE3oQjEnq6Cw3p6DDAAqCxGKH6prXdJEKKMmL3vupQTr9vba8eZwpZVrBGi5 at slot 315009172
2025-01-20 15:08:09 - INFO - HTTP Request: POST https://svc.blockdaemon.com/solana/mainnet/native "HTTP/1.1 200 OK"
2025-01-20 15:08:09 - INFO - Getting transaction 4DqtHanJJAeLYn2TRNEcknikdDokeUY8HtVrGJHBh6QKi4QyGBmFoJBbzks955RNH2MKyKE7PU4nUrD3jzCES3gD at slot 315008515
2025-01-20 15:08:10 - INFO - HTTP Request: POST https://svc.blockdaemon.com/solana/mainnet/native "HTTP/1.1 200 OK"
2025-01-20 15:08:10 - INFO - Getting transaction 23q9MxJgfAKzdQfNN9WNhuzJLDmY99A9CuL3miwg5c7qbk6hCM7hDvhH2TAB2GRsPvnupNNjCCPF9JkxXygkH4Jq at slot 315008313
2025-01-20 15:08:11 - INFO - HTTP Request: POST https://svc.blockdaemon.com/solana/mainnet/native "HTTP/1.1 200 OK"
2025-01-20 15:08:11 - INFO - Getting transaction 2tCuRDszF6DsjxqqV22TEnSDqzEDu9xi1ZV7seSHvCEzt3FCuPTh4UXUoWQ6TPAGjaycEdHijsVQxYC1AhSBngk9 at slot 315007292
2025-01-20 15:08:12 - INFO - HTTP Request: POST https://svc.blockdaemon.com/solana/mainnet/native "HTTP/1.1 200 OK"
2025-01-20 15:08:12 - INFO - Getting transaction 35CBpuqj78bBJsUDEqmfL8XqRzsjHMFHoirqRhAFE8CXZRQbGk9Tv47vfTkJZJ8cHF5GFN6Dzb9eSng229SvRUY8 at slot 315007212
2025-01-20 15:08:13 - INFO - HTTP Request: POST https://svc.blockdaemon.com/solana/mainnet/native "HTTP/1.1 200 OK"
2025-01-20 15:08:13 - INFO - Getting transaction TW32avUoNMZzi4jN642wK3oyHWrYPrkeJw9iP6WZuuHgvwQe3kUvRwTEvLtG4ww5iZ1SfyP1b9XCxN3kcSxngrN at slot 315006984
2025-01-20 15:08:15 - INFO - HTTP Request: POST https://svc.blockdaemon.com/solana/mainnet/native "HTTP/1.1 200 OK"
2025-01-20 15:08:15 - INFO - Getting transaction 4YvVsTmkqKTYj59Yy8L8FpWfvAoREdwy2xy68SUnAdYSqwsVHE6gs8cfbv8ewUHMYJx9kfydvsX9fzwokn2gDysh at slot 315006836
2025-01-20 15:08:15 - INFO - HTTP Request: POST https://svc.blockdaemon.com/solana/mainnet/native "HTTP/1.1 200 OK"
2025-01-20 15:08:15 - INFO - Getting transaction 2kew1V8qURrRP9m6EH8WDmf7N4JyG3ShQHi75xyB4ZfBaEVv6EbxwYjLdnLCbASEJUuG524df8wkGo98Tgm8ohxR at slot 315006062
2025-01-20 15:08:16 - INFO - HTTP Request: POST https://svc.blockdaemon.com/solana/mainnet/native "HTTP/1.1 200 OK"
2025-01-20 15:08:16 - INFO - Getting transaction 5KjZYuj9J5ofb4m4hM5vGzZ9DqDMdnXoiCVRnHcv4oLhyc57YBbRiTCufuhYxPw3bzh7DbHABqTQhuRhbXdfgVRm at slot 315005465
2025-01-20 15:08:17 - INFO - HTTP Request: POST https://svc.blockdaemon.com/solana/mainnet/native "HTTP/1.1 200 OK"
2025-01-20 15:08:17 - INFO - Getting transaction 2QMHn4FTiBBJEay4F7NBcpWncMzXmdJjxu2s4xjMDJcxjqPV6PZ72VRKYAiifa143HUrh5hRHrDyxvGn2RpGn1rM at slot 315003044
2025-01-20 15:08:18 - INFO - HTTP Request: POST https://svc.blockdaemon.com/solana/mainnet/native "HTTP/1.1 200 OK"
2025-01-20 15:08:18 - INFO - Getting transaction 4bTjpax6g6YSCcNAFmaEagy7yrrXL1tsqnTjDMiL7f5MVxqxwpipaCrmxHy4hTwjXPzPtS5NTpDDmWQcs82Lp9P2 at slot 315002450
2025-01-20 15:08:19 - INFO - HTTP Request: POST https://svc.blockdaemon.com/solana/mainnet/native "HTTP/1.1 200 OK"
2025-01-20 15:08:19 - INFO - Getting transaction 5RvUBE6gTPXsBpjxXmyTdp3NaviYWEL5Any6XRsPJTBYuJZpiVURb7Q1LpRJVgvHKeQAL6tQ9FZZe4i68ynbfK8s at slot 315002264
2025-01-20 15:08:20 - INFO - HTTP Request: POST https://svc.blockdaemon.com/solana/mainnet/native "HTTP/1.1 200 OK"
2025-01-20 15:08:20 - INFO - Getting transaction 5onMYrJzif8KzJYBcRZc5Gw6NKNJP8GhNgzKW4FjGBBu4YsCCVyh7AAGXtLzP3YbmpuceDKdxAfTwpPKjnhRYWLB at slot 315001160
2025-01-20 15:08:21 - INFO - HTTP Request: POST https://svc.blockdaemon.com/solana/mainnet/native "HTTP/1.1 200 OK"
2025-01-20 15:08:21 - INFO - Getting transaction 4639REVXbfXWSFrNGF8D3tD59vN2zprdo55PpkUc3zirVPF8Ce4cpJiQEKKj8611f4PeSidR9Yaobdf2FFC4Yk3c at slot 315000984
2025-01-20 15:08:22 - INFO - HTTP Request: POST https://svc.blockdaemon.com/solana/mainnet/native "HTTP/1.1 200 OK"
2025-01-20 15:08:22 - INFO - Getting transaction DwhLBiqHB4F7KpFe2DuDcpb34kzw5CCDX9rKt6NcSPp427tWupv6VpUDTxCZt2nj1jbE3Pq3tj348jA5WqfbXpu at slot 315000656
2025-01-20 15:08:23 - INFO - HTTP Request: POST https://svc.blockdaemon.com/solana/mainnet/native "HTTP/1.1 200 OK"
2025-01-20 15:08:23 - INFO - Getting transaction 4EAGf6B4m6k7Vh6FQmtDUWUStGVgxRHMCbsMzs47vbQ3PtoY5ptJFmb6H124zLoghCQBGCJtBjNBQsd9ZBr7tNW6 at slot 315000124
2025-01-20 15:08:24 - INFO - HTTP Request: POST https://svc.blockdaemon.com/solana/mainnet/native "HTTP/1.1 200 OK"
2025-01-20 15:08:24 - INFO - Getting transaction 4uphhz67He62dW4XLBFPkhS7RwC38h1LutDeay5zGP2FH2uHMdEGSmDFN6GzXHKsQhA5Rcpx96DSvZb5xAsmkc3u at slot 314999886
2025-01-20 15:08:25 - INFO - HTTP Request: POST https://svc.blockdaemon.com/solana/mainnet/native "HTTP/1.1 200 OK"
2025-01-20 15:08:25 - INFO - Getting transaction 33gHJPfHqdw9e8QGAY3VdQah5k8QncfphXMBB2gPvWaefKAukVu2AQXkjV4ayJUsPVPr5wYz2iDCZEiZVDQdYf6K at slot 314999376
2025-01-20 15:08:26 - INFO - HTTP Request: POST https://svc.blockdaemon.com/solana/mainnet/native "HTTP/1.1 200 OK"
2025-01-20 15:08:26 - INFO - Getting transaction 6ohUChCFYiMhyC3q6qc8WyhH21oLC5oC8FWLnfNeAqeocpmYK8hYFkS4cKc43kzBZZHVAyH9XMeMKxQTAJCtPQv at slot 314998914
2025-01-20 15:08:27 - INFO - HTTP Request: POST https://svc.blockdaemon.com/solana/mainnet/native "HTTP/1.1 200 OK"
2025-01-20 15:08:27 - INFO - Getting transaction 55cFS18mJmaStwtAZMYNjj38tm8eJ1DKsfCQ9pVa6EJzUDs8Y8MSghiHRdzZvFMBKr5rnd3jeSjq1fcRydn6H4fB at slot 314998312
2025-01-20 15:08:29 - INFO - HTTP Request: POST https://svc.blockdaemon.com/solana/mainnet/native "HTTP/1.1 200 OK"
2025-01-20 15:08:29 - INFO - Getting transaction 21GjAPF6a5bx9YpykNbphxi3WYwpwye8oR82mWVmGCVdAp8iFPy8bjUyUadGcP9h8ribkUsz78SLsG8MPW4my9wL at slot 314997858
2025-01-20 15:08:30 - INFO - HTTP Request: POST https://svc.blockdaemon.com/solana/mainnet/native "HTTP/1.1 200 OK"
2025-01-20 15:08:30 - INFO - Getting transaction KyyABoc4mqohThLMyLu2mqna4wYCRJGBfVwMPBXtB83XTq6NwdgvGGSSTZe8Y1ETjFKp5PvpM7ACjw9FGPTkLLu at slot 314997026
2025-01-20 15:08:30 - INFO - HTTP Request: POST https://svc.blockdaemon.com/solana/mainnet/native "HTTP/1.1 200 OK"
2025-01-20 15:08:30 - INFO - Getting transaction 4QJkihrJrwtJaPVGQEyzxsrfv1G4Fm6NgoUTz9iVedAnmTjKpvsSNLnCcnNmn9PMWg5qF53goquHf7U8dcH67UKg at slot 314995526
2025-01-20 15:08:32 - INFO - HTTP Request: POST https://svc.blockdaemon.com/solana/mainnet/native "HTTP/1.1 200 OK"
2025-01-20 15:08:32 - INFO - Getting transaction zPEUatZTgJkfQ49Jnxn1FRtmxqhebdJDCaML3NskCq9EhpGzZFuAkrZi9LNjm9x6hWCk2JkNF55r6Q9VEsTEV5A at slot 314995225
2025-01-20 15:08:33 - INFO - HTTP Request: POST https://svc.blockdaemon.com/solana/mainnet/native "HTTP/1.1 200 OK"
2025-01-20 15:08:33 - INFO - Getting transaction BfxQmAK1kiX8MvUmJQmo9WtEBgb53peHtxNSKeEQmX24MX6RzSac98DbmBAogpKBxrkgm5S7kk1ULCmcvaAY1Kk at slot 314995134
2025-01-20 15:08:34 - INFO - HTTP Request: POST https://svc.blockdaemon.com/solana/mainnet/native "HTTP/1.1 200 OK"
2025-01-20 15:08:34 - INFO - Getting transaction s2NbtBtdfXWFGVvUeL6s1WDuKae8hvnDmby7tiX1GMAYyTZcmyzRdMLR3Hf431uaCjpYAq2uT3rno8ErbGfz7a9 at slot 314994972
2025-01-20 15:08:35 - INFO - HTTP Request: POST https://svc.blockdaemon.com/solana/mainnet/native "HTTP/1.1 200 OK"
2025-01-20 15:08:35 - INFO - Getting transaction 5hsqc7Rt4aVvLsJBGdorwvMcySaRvbfyBxDqRUbe7gPfoEMCqBTLkrZxeFxZLkMjd44hsy5GFWShcsBk9UiZGouK at slot 314994787
2025-01-20 15:08:36 - INFO - HTTP Request: POST https://svc.blockdaemon.com/solana/mainnet/native "HTTP/1.1 200 OK"
2025-01-20 15:08:36 - INFO - Getting transaction 3XYp5h41eBm9ES6TbupFCUdEideeyL5avjehYaAhkgFnpG7rT4AatpuecXXoQuc8b2Jf7XiNKcFeTzZLoWiueqZZ at slot 314994350
2025-01-20 15:08:36 - INFO - HTTP Request: POST https://svc.blockdaemon.com/solana/mainnet/native "HTTP/1.1 200 OK"
2025-01-20 15:08:36 - INFO - Getting transaction 5m6RVGFNinKsZTvJ5nZmFmiihpkhXkmFPmAY6H8wxkuCzpKoiLoLWiidsfPD3E4uhJtWy45J6Rc7hwdzh8SbZtdw at slot 314993618
2025-01-20 15:08:38 - INFO - HTTP Request: POST https://svc.blockdaemon.com/solana/mainnet/native "HTTP/1.1 200 OK"
2025-01-20 15:08:38 - INFO - Getting transaction qxv7JbjAnZFMmyVsi2sqm2G9W363ouGVKqLxLQuEnA6MLTRnnvYHZ3GD76oeXvosL6thcGk5SwNWUKJtWPKf4zh at slot 314992851
2025-01-20 15:08:39 - INFO - HTTP Request: POST https://svc.blockdaemon.com/solana/mainnet/native "HTTP/1.1 200 OK"
2025-01-20 15:08:39 - INFO - Getting transaction Ry5pyMr4tm5gWQdYvGVRaCJWqLtJbD23cMeA5wT5i9F249uhWE8FpoyhEw6Cq7EqtFzEhGnZkWXpFp82LunmwJg at slot 314992593
2025-01-20 15:08:40 - INFO - HTTP Request: POST https://svc.blockdaemon.com/solana/mainnet/native "HTTP/1.1 200 OK"
2025-01-20 15:08:40 - INFO - Getting transaction 3ZJeiHgRAUzS3PtXZjBxNa6oJg63zkDyJwzZwsYS2y6cXQJecQxFdDqZWvHYnsArNfuXHzVRSoSwBPBwaxsKoHNs at slot 314992312
2025-01-20 15:08:41 - INFO - HTTP Request: POST https://svc.blockdaemon.com/solana/mainnet/native "HTTP/1.1 200 OK"
2025-01-20 15:08:41 - INFO - Getting transaction 2LUZVDngXwfs16HdPB6oLTDAsMv8oTfEhdc1jDbvfvfrVwaNTHocFdpYeM3xm9QKTf9jJSttxEoguMp6qjfwp85d at slot 314991799
2025-01-20 15:08:42 - INFO - HTTP Request: POST https://svc.blockdaemon.com/solana/mainnet/native "HTTP/1.1 200 OK"
2025-01-20 15:08:42 - INFO - Getting transaction YuzPho1Cwta5g8XggzRfk9Nwbo3EZhrCt6V4nC1w3fRsK3ire7Q2u7T46V8EMx3syhoKvCokWrrKr4u89mYdyxZ at slot 314991468
2025-01-20 15:08:42 - INFO - HTTP Request: POST https://svc.blockdaemon.com/solana/mainnet/native "HTTP/1.1 200 OK"
2025-01-20 15:08:43 - INFO - Getting transaction 3BLeaVpsouQYpsxQEyn3L2JaPnq4P2XnhNvCHaCEbBfrfJU7sgAJmmmyKYe4wZRRoGJdVXWWHcJMb5fhWYi69jxs at slot 314991356
2025-01-20 15:08:44 - INFO - HTTP Request: POST https://svc.blockdaemon.com/solana/mainnet/native "HTTP/1.1 200 OK"
2025-01-20 15:08:44 - INFO - Getting transaction 4R7WedaiuRXiHfQktMLLkmyA9kB1thZMwbAyxdm8CWG6dYYgWM8PuCc7n1PD9rByssL7QjoZv5kfdvBtxVMk5vQJ at slot 314991013
2025-01-20 15:08:45 - INFO - HTTP Request: POST https://svc.blockdaemon.com/solana/mainnet/native "HTTP/1.1 200 OK"
2025-01-20 15:08:45 - INFO - Getting transaction 459o26yUTqDT7SWXeSJHUXCah61r2ubxyGmqWSPheZNzuJW2q62PtN3eL8ABRbLQU5wRaWcpSHopNppThD3Jy3b2 at slot 314989775
2025-01-20 15:08:46 - INFO - HTTP Request: POST https://svc.blockdaemon.com/solana/mainnet/native "HTTP/1.1 200 OK"
2025-01-20 15:08:46 - INFO - Getting transaction 4tkRPSTa1Jsk49YqjtQpSvT5uxk1MzgUTUJrk7e8uUMfkbp5xWRYnMAuAvFds6yJTQwKvoNzMgSZJhNbNYoLyBMo at slot 314989137
2025-01-20 15:08:47 - INFO - HTTP Request: POST https://svc.blockdaemon.com/solana/mainnet/native "HTTP/1.1 200 OK"
2025-01-20 15:08:47 - INFO - Getting transaction 3Dp7BZD8gNxeS8mH3YpPiwaraB1bkfA626BVyXZVSEpx1tPG93AxFboduVMuJsGTJhNfnvUJu3a1aGw5TnMTK2b2 at slot 314987452
2025-01-20 15:08:48 - INFO - HTTP Request: POST https://svc.blockdaemon.com/solana/mainnet/native "HTTP/1.1 200 OK"
2025-01-20 15:08:48 - INFO - Getting transaction 5cQsyfzzTW8NKaRtaxxqY439fL3xf38Lhh9frzrz1KXzyn81u9k15WLMVh42WDsR4RwL4oXvd6JF1Nko8BSVai8h at slot 314986586
2025-01-20 15:08:49 - INFO - HTTP Request: POST https://svc.blockdaemon.com/solana/mainnet/native "HTTP/1.1 200 OK"
2025-01-20 15:08:49 - INFO - Getting transaction 3mfrN7LTQzjdJcNiMAgWzG8zh4bGHozdeEqnnJXMksDbKbvAZWF1W4SjVKeeAAiDTDKsiCLBY8wX5aLtQww9FK1C at slot 314985956
2025-01-20 15:08:50 - INFO - HTTP Request: POST https://svc.blockdaemon.com/solana/mainnet/native "HTTP/1.1 200 OK"
2025-01-20 15:08:50 - INFO - Getting transaction yDPNroa9ayqfPPPSMZh2irGmZHhxpFKAhjQKcDz1WsLA1wc9UwyKdwyqXCp6mhsiQTZaCFj1ZQWc1K2FZ9WyEjZ at slot 314985850
2025-01-20 15:08:51 - INFO - HTTP Request: POST https://svc.blockdaemon.com/solana/mainnet/native "HTTP/1.1 200 OK"
2025-01-20 15:08:51 - INFO - Getting transaction LTYXdnzoSRz9nd1hT4YmgLfzG25umvrJ3VchrkP3UJsGHj7SDPREkRg2aiHec3gJdpaZ3rCJUQxZkEBzzUGiDe1 at slot 314985653
2025-01-20 15:08:52 - INFO - HTTP Request: POST https://svc.blockdaemon.com/solana/mainnet/native "HTTP/1.1 200 OK"
2025-01-20 15:08:52 - INFO - Getting transaction DYLjRbixWSmAxsDynanTSZ9vcSVZaw5dZneW6x3zszJauAB8sAo6LDTrrhbbEWuSgtcPHZjwj8tK2W6vuJAzYYB at slot 314985308
2025-01-20 15:08:53 - INFO - HTTP Request: POST https://svc.blockdaemon.com/solana/mainnet/native "HTTP/1.1 200 OK"
2025-01-20 15:08:53 - INFO - Getting transaction 2tJMuHnh8egs6hCJxtShKic1u2VYpUSc3eRq5A5cmFyTuRecDcMBji8oAyJX1xf12TqSjmzP98MfhNnS8QBU2pPV at slot 314984615
2025-01-20 15:08:54 - INFO - HTTP Request: POST https://svc.blockdaemon.com/solana/mainnet/native "HTTP/1.1 200 OK"
2025-01-20 15:08:54 - INFO - Getting transaction 4YkaFbvFjkRy1UBwVovfRH6bhzBnrEcLFSw2dzrFHVBTXWXKcusCcHhSE4KYpKAVfv61f7LGorcmRy1kfo6ZeL5A at slot 314984492
2025-01-20 15:08:55 - INFO - HTTP Request: POST https://svc.blockdaemon.com/solana/mainnet/native "HTTP/1.1 200 OK"
2025-01-20 15:08:55 - INFO - Getting transaction 24RCWLRk6WvqDgPeNVDXmA8wPM52iFdyWKga8mXF6bvrn4xgmGwxR23TcutybRWa9qy2mvmKWN5C4dWSkoHXMPJG at slot 314984164
2025-01-20 15:08:56 - INFO - HTTP Request: POST https://svc.blockdaemon.com/solana/mainnet/native "HTTP/1.1 200 OK"
2025-01-20 15:08:56 - INFO - Getting transaction MC7LpkNyaEXrUK8HQUvkpctcNNGNCF8sK7wdr6UNUvMu1buU22NZbEzYECXip4H4fz5qMJbYehncZVTB8oKYB1p at slot 314983640
2025-01-20 15:08:57 - INFO - HTTP Request: POST https://svc.blockdaemon.com/solana/mainnet/native "HTTP/1.1 200 OK"
2025-01-20 15:08:57 - INFO - Getting transaction 2Wm3rxVxwAdW6EvUkMYcScvVMM8rp47AmFJq8eCZmPCvvXNVo6RUrMbEb1RLb3QHbB4hYRa9DKdR3n37LUZJYx5y at slot 314983569
2025-01-20 15:08:58 - INFO - HTTP Request: POST https://svc.blockdaemon.com/solana/mainnet/native "HTTP/1.1 200 OK"
2025-01-20 15:08:58 - INFO - Getting transaction 3e4HirEvhhoSVmLaMqenwaFKCg5bq8jd3jttrqzHBESHmrVxFzch9AF8AFfM3uPHCMeFqa15bTfXLtp1kt7wBCRa at slot 314980532
2025-01-20 15:08:59 - INFO - HTTP Request: POST https://svc.blockdaemon.com/solana/mainnet/native "HTTP/1.1 200 OK"
2025-01-20 15:08:59 - INFO - Getting transaction 3vbmhfdaemj3XD8SrjH4AEq8sCzYLzY6GW8ZteAmEb9wpMWUGncQgCxDLsHgNFe7YGqtXoZgRgAuPvyyWaxuL51X at slot 314980234
2025-01-20 15:09:00 - INFO - HTTP Request: POST https://svc.blockdaemon.com/solana/mainnet/native "HTTP/1.1 200 OK"
2025-01-20 15:09:00 - INFO - Getting transaction LWG7iBJtLjjn4jDQRQoVDdRVxMFnDM78Ms7QrTgEnL6cuvoKLqfBMMNuJE6EkLpJV2Phfjc772oAMps5Bv71J8A at slot 314980085
2025-01-20 15:09:01 - INFO - HTTP Request: POST https://svc.blockdaemon.com/solana/mainnet/native "HTTP/1.1 200 OK"
2025-01-20 15:09:01 - INFO - Getting transaction 4PzriMmorw5w7NJzKpb9cViUYPX8jJgijMoEFJmWwYK89opjXRCixjt7dhr9CSq99Bwj7uBSiYHF4qhexLnJqsTk at slot 314979892
2025-01-20 15:09:02 - INFO - HTTP Request: POST https://svc.blockdaemon.com/solana/mainnet/native "HTTP/1.1 200 OK"
2025-01-20 15:09:02 - INFO - Getting transaction 4S4NWGwq91KjH4Y7LUJ1pkgAu9T2pUMhe8AunPEYDQ642LW61ANav9dH9xBih8GaMcxbJ3L2GS784UwfXoFxSDD1 at slot 314977389
2025-01-20 15:09:03 - INFO - HTTP Request: POST https://svc.blockdaemon.com/solana/mainnet/native "HTTP/1.1 200 OK"
2025-01-20 15:09:03 - INFO - Getting transaction 3VxYrRrC878RJkXn8BFgu7CwJ8xjJZkKuMCQh8bhd7hcBRFwT5RrMfARCNEDDK86p5e1s3Qz8jKNJtRknkDuAE4e at slot 314975692
2025-01-20 15:09:04 - INFO - HTTP Request: POST https://svc.blockdaemon.com/solana/mainnet/native "HTTP/1.1 200 OK"
2025-01-20 15:09:04 - INFO - Getting transaction grPRWokiUwNFmcLyL89JP7Y5h1T6dyQcvty4d2pUzVNrLpq5D3Sdh7Q99efEmg8cjEKaKcAbXXaPyunrXJiBsdR at slot 314975312
2025-01-20 15:09:05 - INFO - HTTP Request: POST https://svc.blockdaemon.com/solana/mainnet/native "HTTP/1.1 200 OK"
2025-01-20 15:09:05 - INFO - Getting transaction fF8j6TuPoGJt8RWKzcrVHbTaesritgafkpz1VFAFnss1ELJGzxWhS8ywUjPR2E4BXTHmkyX4B5e72HfRAigDqPY at slot 314974712
2025-01-20 15:09:06 - INFO - HTTP Request: POST https://svc.blockdaemon.com/solana/mainnet/native "HTTP/1.1 200 OK"
2025-01-20 15:09:06 - INFO - Getting transaction 4Xs1yCn3DA1GDkcVWPxg9PCEFP2Q5mNAtKxgTrv5wH66T9D7g1iU92K1bLRKa6JnA5tGdAuQBiQLn1dD6f2kLdHM at slot 314973520
2025-01-20 15:09:07 - INFO - HTTP Request: POST https://svc.blockdaemon.com/solana/mainnet/native "HTTP/1.1 200 OK"
2025-01-20 15:09:07 - INFO - Getting transaction 58K9kN18bbh4tw4FpfSn1nh4mqvjSi6x7iy9mXsbJsnMeL9Etkc9A4kUoprSNYZqbZDAN34vVLStbGfGyTtovn1i at slot 314970244
2025-01-20 15:09:08 - INFO - HTTP Request: POST https://svc.blockdaemon.com/solana/mainnet/native "HTTP/1.1 200 OK"
2025-01-20 15:09:08 - INFO - Getting transaction 4ZFksa5EByh254j1UD1HFxLvZSBAbuhJtJDqNptwRPXTjCyKrj3LM9C2CLhwUG66DkL84E76s3RS3n36GNXPEFAQ at slot 314968563
2025-01-20 15:09:09 - INFO - HTTP Request: POST https://svc.blockdaemon.com/solana/mainnet/native "HTTP/1.1 200 OK"
2025-01-20 15:09:09 - INFO - Getting transaction 3LWfmdez7dcqgJkqA5g94uuGAme7v4PDgq3U3Co4yAUMwnrSv3e53NKykmJDwq8pkgmP2Uvu9vSCb1NYdHvFErzq at slot 314968330
2025-01-20 15:09:10 - INFO - HTTP Request: POST https://svc.blockdaemon.com/solana/mainnet/native "HTTP/1.1 200 OK"
2025-01-20 15:09:10 - INFO - Getting transaction 5Qo1STPjrRduLUtirho62YFZPnMAayeWaiLoKto7XM9Lii1evL94D9Y6vmpUPY9ereHhfv2yP1RbS74PJFcUDV8B at slot 314968124
2025-01-20 15:09:11 - INFO - HTTP Request: POST https://svc.blockdaemon.com/solana/mainnet/native "HTTP/1.1 200 OK"
2025-01-20 15:09:11 - INFO - Getting transaction 19AoPZcX6obLTD2DxafSrYQmc37m5h1tk3PTuAMWmHdGYvjBzbPprNShe6tS7MzYtG7Qz3Tt9vbhgMv8Z4UoHsy at slot 314967806
2025-01-20 15:09:12 - INFO - HTTP Request: POST https://svc.blockdaemon.com/solana/mainnet/native "HTTP/1.1 200 OK"
2025-01-20 15:09:12 - INFO - Getting transaction MSoQSGFb62AdVq883QyJMQSJPZ6LmU6qmHk8YV5H6aTJPx2h76ME59AqNYRZABSyzJEc5sqb9BHB7ea5S9fq6rX at slot 314967240
2025-01-20 15:09:13 - INFO - HTTP Request: POST https://svc.blockdaemon.com/solana/mainnet/native "HTTP/1.1 200 OK"
2025-01-20 15:09:13 - INFO - Getting transaction 2AmVjSitDFkosBJ42pMubUJnSGo1DPijb8eSMZqX1jYdYYh1ZCJRWhX4vhgyTXMpfEb5WnoPYCijodtcrKVtn8i3 at slot 314967080
2025-01-20 15:09:14 - INFO - HTTP Request: POST https://svc.blockdaemon.com/solana/mainnet/native "HTTP/1.1 200 OK"
2025-01-20 15:09:14 - INFO - Getting transaction 3wsogbcKrFN19M6pyJCBvLnr1mZb5FB99pcf5EuDQg91X4EQQPSFjgf8jHcZdFPUF4Z6hH6qcoHWthmzuRyHCLMV at slot 314966879
2025-01-20 15:09:15 - INFO - HTTP Request: POST https://svc.blockdaemon.com/solana/mainnet/native "HTTP/1.1 200 OK"
2025-01-20 15:09:15 - INFO - Getting transaction 3gTWRfrRi6ZhW4aj7r8RyrP9eNnEh1EBBzL5kgkoTAP8w27RTPLnHABS5UK4RNZc4rjbRcwwXWhPZqd3J62w51MU at slot 314965972
2025-01-20 15:09:16 - INFO - HTTP Request: POST https://svc.blockdaemon.com/solana/mainnet/native "HTTP/1.1 200 OK"
2025-01-20 15:09:16 - INFO - Getting transaction 2yhMgTqudL6T1SJb1sadwW1uCDhpy4KtaYXGeHJiRHc7SdhjENGrjmtj1FTCq2FMhrKUXGXUhYxsHRyw8KNa6GcE at slot 314963356
2025-01-20 15:09:17 - INFO - HTTP Request: POST https://svc.blockdaemon.com/solana/mainnet/native "HTTP/1.1 200 OK"
2025-01-20 15:09:17 - INFO - Getting transaction 59UAnkZRfK3PfBte5CkejU1E2UCA7ApwjwknTDg8NsHpJ5LJSAr2MAKKvKYA6pU3LtaAJc72FdHEEJMdqNEo97jn at slot 314961783
2025-01-20 15:09:18 - INFO - HTTP Request: POST https://svc.blockdaemon.com/solana/mainnet/native "HTTP/1.1 200 OK"
2025-01-20 15:09:18 - INFO - Getting transaction yg29aHVaygVtdH4kTvrMcC2GJk91L5wHrfsKoSJtV1EhqWWCmoUsDtzF794B4PZk8mY6RBz7rQMZYwEhEdFwaL8 at slot 314961475
2025-01-20 15:09:19 - INFO - HTTP Request: POST https://svc.blockdaemon.com/solana/mainnet/native "HTTP/1.1 200 OK"
2025-01-20 15:09:19 - INFO - Getting transaction 2XRaGtA7r9NJTYvdm3PcosKr6W9LjQNYiCQqG7mhjuXLGDrLzLGSEx4ZwVY83wQ6DMETM9caLUbi9cQKFpT88za4 at slot 314953317
2025-01-20 15:09:20 - INFO - HTTP Request: POST https://svc.blockdaemon.com/solana/mainnet/native "HTTP/1.1 200 OK"
2025-01-20 15:09:20 - INFO - Found deposit wallet AB9f4yNceGpnnBzBFYWn7fWJCZa8ibe5yiJfKBwArNpi with probability 0.9999999999999961
